// Jest Snapshot v1, https://goo.gl/fbAQLP

exports[`App snapshot renders the loading screen 1`] = `null`;

exports[`App snapshot renders the root without loading screen 1`] = `
<View
  style={
    Object {
      "backgroundColor": "#fff",
      "flex": 1,
    }
  }
>
  <View
    style={
      Object {
        "flex": 1,
        "overflow": "hidden",
      }
    }
  >
    <View
      style={
        Object {
          "flex": 1,
        }
      }
    >
      <View
        collapsable={false}
        pointerEvents="auto"
        removeClippedSubviews={false}
        style={
          Array [
            Object {
              "flex": 1,
              "overflow": "hidden",
            },
            Array [
              Object {
                "bottom": 0,
                "left": 0,
                "position": "absolute",
                "right": 0,
                "top": 0,
              },
              Object {
                "opacity": 1,
              },
            ],
          ]
        }
      >
        <View
          style={
            Object {
              "flex": 1,
            }
          }
        >
          <View
            onLayout={[Function]}
            style={
              Object {
                "flex": 1,
              }
            }
          >
            <View
              onMoveShouldSetResponder={[Function]}
              onMoveShouldSetResponderCapture={[Function]}
              onResponderEnd={[Function]}
              onResponderGrant={[Function]}
              onResponderMove={[Function]}
              onResponderReject={[Function]}
              onResponderRelease={[Function]}
              onResponderStart={[Function]}
              onResponderTerminate={[Function]}
              onResponderTerminationRequest={[Function]}
              onStartShouldSetResponder={[Function]}
              onStartShouldSetResponderCapture={[Function]}
              style={
                Array [
                  Object {
                    "flex": 1,
                    "flexDirection": "column-reverse",
                  },
                  Object {
                    "backgroundColor": "#000",
                  },
                ]
              }
            >
              <View
                style={
                  Object {
                    "flex": 1,
                  }
                }
              >
                <View
                  accessibilityElementsHidden={false}
                  accessible={true}
                  active={1}
                  pointerEvents="auto"
                  style={
                    Object {
                      "backgroundColor": "#E9E9EF",
                      "bottom": 0,
                      "left": 0,
                      "marginTop": -64,
                      "opacity": 1,
                      "position": "absolute",
                      "right": 0,
                      "shadowColor": "black",
                      "shadowOffset": Object {
                        "height": 0,
                        "width": 0,
                      },
                      "shadowOpacity": 0.2,
                      "shadowRadius": 5,
                      "top": 0,
                      "transform": Array [
                        Object {
                          "translateX": 0,
                        },
                        Object {
                          "translateY": 0,
                        },
                      ],
                    }
                  }
                >
                  <View
                    accessible={true}
                    isTVSelectable={true}
                    onResponderGrant={[Function]}
                    onResponderMove={[Function]}
                    onResponderRelease={[Function]}
                    onResponderTerminate={[Function]}
                    onResponderTerminationRequest={[Function]}
                    onStartShouldSetResponder={[Function]}
                    style={null}
                  >
                    <View
                      className="Standup__StyledLayout-sc-1b7ts4l-1 dIhHZU"
                      style={null}
                    >
                      <View
                        className="TotalTime__StyledView-sc-1iuzwqc-0 iDBBPo"
                      >
                        <Text
                          accessible={true}
                          allowFontScaling={true}
                          ellipsizeMode="tail"
                        >
                          Total Time: 
                          00:00
                        </Text>
                      </View>
                      <View
                        style={
                          Object {
                            "alignItems": "center",
                          }
                        }
                      >
                        <Text
                          accessible={true}
                          allowFontScaling={true}
                          className="Timer__StyledText-o4s2qw-0 fRdizv"
                          ellipsizeMode="tail"
                        >
                          02:00
                        </Text>
                        <View
                          style={
                            Object {
                              "padding": 20,
                              "width": 750,
                            }
                          }
                        >
                          <View
                            animationType="timing"
                            className="Standup__StyledSlider-sc-1b7ts4l-2 hunPlz"
                            hidden={false}
                            onLayout={[Function]}
                            onValueChange={[Function]}
                            step={10000}
                            style={
                              Array [
                                Object {
                                  "height": 40,
                                  "justifyContent": "center",
                                },
                                undefined,
                              ]
                            }
                            thumbTouchSize={
                              Object {
                                "height": 40,
                                "width": 40,
                              }
                            }
                            value={120000}
                          >
                            <View
                              onLayout={[Function]}
                              renderToHardwareTextureAndroid={true}
                              style={
                                Array [
                                  Object {
                                    "backgroundColor": "#b3b3b3",
                                  },
                                  Object {
                                    "borderRadius": 2,
                                    "height": 4,
                                  },
                                  undefined,
                                ]
                              }
                            />
                            <View
                              renderToHardwareTextureAndroid={true}
                              style={
                                Object {
                                  "backgroundColor": "#3f3f3f",
                                  "borderRadius": 2,
                                  "height": 4,
                                  "opacity": 0,
                                  "position": "absolute",
                                  "width": 0,
                                }
                              }
                            />
                            <View
                              onLayout={[Function]}
                              renderToHardwareTextureAndroid={true}
                              style={
                                Object {
                                  "backgroundColor": "#343434",
                                  "borderRadius": 10,
                                  "height": 20,
                                  "opacity": 0,
                                  "position": "absolute",
                                  "transform": Array [
                                    Object {
                                      "translateX": 0,
                                    },
                                    Object {
                                      "translateY": 0,
                                    },
                                  ],
                                  "width": 20,
                                }
                              }
                            />
                            <View
                              onMoveShouldSetResponder={[Function]}
                              onMoveShouldSetResponderCapture={[Function]}
                              onResponderEnd={[Function]}
                              onResponderGrant={[Function]}
                              onResponderMove={[Function]}
                              onResponderReject={[Function]}
                              onResponderRelease={[Function]}
                              onResponderStart={[Function]}
                              onResponderTerminate={[Function]}
                              onResponderTerminationRequest={[Function]}
                              onStartShouldSetResponder={[Function]}
                              onStartShouldSetResponderCapture={[Function]}
                              renderToHardwareTextureAndroid={true}
                              style={
                                Array [
                                  Object {
                                    "backgroundColor": "transparent",
                                    "bottom": 0,
                                    "left": 0,
                                    "position": "absolute",
                                    "right": 0,
                                    "top": 0,
                                  },
                                  Object {},
                                ]
                              }
                            />
                          </View>
                        </View>
                      </View>
                      <View
                        style={
                          Object {
                            "padding": 30,
                          }
                        }
                      >
                        <Text
                          accessible={true}
                          allowFontScaling={true}
                          ellipsizeMode="tail"
                        >
                          Tap to start
                        </Text>
                      </View>
                    </View>
                  </View>
                </View>
              </View>
              <View
                onLayout={[Function]}
                pointerEvents="box-none"
              >
                <View
                  style={
                    Object {
                      "backgroundColor": "#F7F7F7",
                      "transform": Array [
                        Object {
                          "translateX": -750,
                        },
                      ],
                    }
                  }
                >
                  <View
                    onLayout={[Function]}
                    pointerEvents="box-none"
                    style={
                      Object {
                        "backgroundColor": "#F7F7F7",
                        "borderBottomColor": "#A7A7AA",
                        "borderBottomWidth": 0.5,
                        "height": 64,
                        "paddingBottom": 0,
                        "paddingLeft": 0,
                        "paddingRight": 0,
                        "paddingTop": 20,
                      }
                    }
                  >
                    <View
                      style={
                        Object {
                          "flex": 1,
                        }
                      }
                    />
                  </View>
                </View>
              </View>
            </View>
          </View>
        </View>
      </View>
    </View>
    <View
      onLayout={[Function]}
      pointerEvents="box-none"
      style={
        Object {
          "backgroundColor": "#F7F7F7",
          "borderTopColor": "rgba(0, 0, 0, .3)",
          "borderTopWidth": 0.5,
          "flexDirection": "row",
          "height": 49,
          "paddingBottom": 0,
          "paddingLeft": 0,
          "paddingRight": 0,
          "paddingTop": 0,
        }
      }
    >
      <View
        accessibilityLabel="Standup"
        accessible={true}
        onResponderGrant={[Function]}
        onResponderMove={[Function]}
        onResponderRelease={[Function]}
        onResponderTerminate={[Function]}
        onResponderTerminationRequest={[Function]}
        onStartShouldSetResponder={[Function]}
        style={
          Array [
            Object {
              "alignItems": "center",
              "flex": 1,
            },
            Object {
              "backgroundColor": "transparent",
            },
            Object {
              "flexDirection": "column",
              "justifyContent": "flex-end",
            },
            undefined,
          ]
        }
      >
        <View
          style={
            Array [
              Object {
                "height": 29,
              },
              false,
              Object {
                "flex": 1,
              },
            ]
          }
        >
          <View
            style={
              Object {
                "alignItems": "center",
                "alignSelf": "center",
                "height": "100%",
                "justifyContent": "center",
                "minWidth": 25,
                "opacity": 1,
                "position": "absolute",
                "width": "100%",
              }
            }
          >
            <Text
              accessible={true}
              allowFontScaling={false}
              ellipsizeMode="tail"
              style={
                Array [
                  Object {
                    "color": "#2f95dc",
                    "fontSize": 26,
                  },
                  Object {
                    "marginBottom": -3,
                  },
                  Object {
                    "fontFamily": "ionicons",
                    "fontStyle": "normal",
                    "fontWeight": "normal",
                  },
                ]
              }
            >
              
            </Text>
          </View>
          <View
            style={
              Object {
                "alignItems": "center",
                "alignSelf": "center",
                "height": "100%",
                "justifyContent": "center",
                "minWidth": 25,
                "opacity": 0,
                "position": "absolute",
                "width": "100%",
              }
            }
          >
            <Text
              accessible={true}
              allowFontScaling={false}
              ellipsizeMode="tail"
              style={
                Array [
                  Object {
                    "color": "#ccc",
                    "fontSize": 26,
                  },
                  Object {
                    "marginBottom": -3,
                  },
                  Object {
                    "fontFamily": "ionicons",
                    "fontStyle": "normal",
                    "fontWeight": "normal",
                  },
                ]
              }
            >
              
            </Text>
          </View>
        </View>
        <Text
          accessible={true}
          allowFontScaling={true}
          ellipsizeMode="tail"
          numberOfLines={1}
          style={
            Object {
              "backgroundColor": "transparent",
              "color": "#3478f6",
              "fontSize": 10,
              "marginBottom": 1.5,
              "textAlign": "center",
            }
          }
        >
          Standup
        </Text>
      </View>
      <View
        accessibilityLabel="Stats"
        accessible={true}
        onResponderGrant={[Function]}
        onResponderMove={[Function]}
        onResponderRelease={[Function]}
        onResponderTerminate={[Function]}
        onResponderTerminationRequest={[Function]}
        onStartShouldSetResponder={[Function]}
        style={
          Array [
            Object {
              "alignItems": "center",
              "flex": 1,
            },
            Object {
              "backgroundColor": "transparent",
            },
            Object {
              "flexDirection": "column",
              "justifyContent": "flex-end",
            },
            undefined,
          ]
        }
      >
        <View
          style={
            Array [
              Object {
                "height": 29,
              },
              false,
              Object {
                "flex": 1,
              },
            ]
          }
        >
          <View
            style={
              Object {
                "alignItems": "center",
                "alignSelf": "center",
                "height": "100%",
                "justifyContent": "center",
                "minWidth": 25,
                "opacity": 0,
                "position": "absolute",
                "width": "100%",
              }
            }
          >
            <Text
              accessible={true}
              allowFontScaling={false}
              ellipsizeMode="tail"
              style={
                Array [
                  Object {
                    "color": "#2f95dc",
                    "fontSize": 26,
                  },
                  Object {
                    "marginBottom": -3,
                  },
                  Object {
                    "fontFamily": "ionicons",
                    "fontStyle": "normal",
                    "fontWeight": "normal",
                  },
                ]
              }
            >
              
            </Text>
          </View>
          <View
            style={
              Object {
                "alignItems": "center",
                "alignSelf": "center",
                "height": "100%",
                "justifyContent": "center",
                "minWidth": 25,
                "opacity": 1,
                "position": "absolute",
                "width": "100%",
              }
            }
          >
            <Text
              accessible={true}
              allowFontScaling={false}
              ellipsizeMode="tail"
              style={
                Array [
                  Object {
                    "color": "#ccc",
                    "fontSize": 26,
                  },
                  Object {
                    "marginBottom": -3,
                  },
                  Object {
                    "fontFamily": "ionicons",
                    "fontStyle": "normal",
                    "fontWeight": "normal",
                  },
                ]
              }
            >
              
            </Text>
          </View>
        </View>
        <Text
          accessible={true}
          allowFontScaling={true}
          ellipsizeMode="tail"
          numberOfLines={1}
          style={
            Object {
              "backgroundColor": "transparent",
              "color": "#929292",
              "fontSize": 10,
              "marginBottom": 1.5,
              "textAlign": "center",
            }
          }
        >
          Stats
        </Text>
      </View>
      <View
        accessibilityLabel="Cards"
        accessible={true}
        onResponderGrant={[Function]}
        onResponderMove={[Function]}
        onResponderRelease={[Function]}
        onResponderTerminate={[Function]}
        onResponderTerminationRequest={[Function]}
        onStartShouldSetResponder={[Function]}
        style={
          Array [
            Object {
              "alignItems": "center",
              "flex": 1,
            },
            Object {
              "backgroundColor": "transparent",
            },
            Object {
              "flexDirection": "column",
              "justifyContent": "flex-end",
            },
            undefined,
          ]
        }
      >
        <View
          style={
            Array [
              Object {
                "height": 29,
              },
              false,
              Object {
                "flex": 1,
              },
            ]
          }
        >
          <View
            style={
              Object {
                "alignItems": "center",
                "alignSelf": "center",
                "height": "100%",
                "justifyContent": "center",
                "minWidth": 25,
                "opacity": 0,
                "position": "absolute",
                "width": "100%",
              }
            }
          >
            <Text
              accessible={true}
              allowFontScaling={false}
              ellipsizeMode="tail"
              style={
                Array [
                  Object {
                    "color": "#2f95dc",
                    "fontSize": 26,
                  },
                  Object {
                    "marginBottom": -3,
                  },
                  Object {
                    "fontFamily": "ionicons",
                    "fontStyle": "normal",
                    "fontWeight": "normal",
                  },
                ]
              }
            >
              
            </Text>
          </View>
          <View
            style={
              Object {
                "alignItems": "center",
                "alignSelf": "center",
                "height": "100%",
                "justifyContent": "center",
                "minWidth": 25,
                "opacity": 1,
                "position": "absolute",
                "width": "100%",
              }
            }
          >
            <Text
              accessible={true}
              allowFontScaling={false}
              ellipsizeMode="tail"
              style={
                Array [
                  Object {
                    "color": "#ccc",
                    "fontSize": 26,
                  },
                  Object {
                    "marginBottom": -3,
                  },
                  Object {
                    "fontFamily": "ionicons",
                    "fontStyle": "normal",
                    "fontWeight": "normal",
                  },
                ]
              }
            >
              
            </Text>
          </View>
        </View>
        <Text
          accessible={true}
          allowFontScaling={true}
          ellipsizeMode="tail"
          numberOfLines={1}
          style={
            Object {
              "backgroundColor": "transparent",
              "color": "#929292",
              "fontSize": 10,
              "marginBottom": 1.5,
              "textAlign": "center",
            }
          }
        >
          Cards
        </Text>
      </View>
      <View
        accessibilityLabel="Settings"
        accessible={true}
        onResponderGrant={[Function]}
        onResponderMove={[Function]}
        onResponderRelease={[Function]}
        onResponderTerminate={[Function]}
        onResponderTerminationRequest={[Function]}
        onStartShouldSetResponder={[Function]}
        style={
          Array [
            Object {
              "alignItems": "center",
              "flex": 1,
            },
            Object {
              "backgroundColor": "transparent",
            },
            Object {
              "flexDirection": "column",
              "justifyContent": "flex-end",
            },
            undefined,
          ]
        }
      >
        <View
          style={
            Array [
              Object {
                "height": 29,
              },
              false,
              Object {
                "flex": 1,
              },
            ]
          }
        >
          <View
            style={
              Object {
                "alignItems": "center",
                "alignSelf": "center",
                "height": "100%",
                "justifyContent": "center",
                "minWidth": 25,
                "opacity": 0,
                "position": "absolute",
                "width": "100%",
              }
            }
          >
            <Text
              accessible={true}
              allowFontScaling={false}
              ellipsizeMode="tail"
              style={
                Array [
                  Object {
                    "color": "#2f95dc",
                    "fontSize": 26,
                  },
                  Object {
                    "marginBottom": -3,
                  },
                  Object {
                    "fontFamily": "ionicons",
                    "fontStyle": "normal",
                    "fontWeight": "normal",
                  },
                ]
              }
            >
              
            </Text>
          </View>
          <View
            style={
              Object {
                "alignItems": "center",
                "alignSelf": "center",
                "height": "100%",
                "justifyContent": "center",
                "minWidth": 25,
                "opacity": 1,
                "position": "absolute",
                "width": "100%",
              }
            }
          >
            <Text
              accessible={true}
              allowFontScaling={false}
              ellipsizeMode="tail"
              style={
                Array [
                  Object {
                    "color": "#ccc",
                    "fontSize": 26,
                  },
                  Object {
                    "marginBottom": -3,
                  },
                  Object {
                    "fontFamily": "ionicons",
                    "fontStyle": "normal",
                    "fontWeight": "normal",
                  },
                ]
              }
            >
              
            </Text>
          </View>
        </View>
        <Text
          accessible={true}
          allowFontScaling={true}
          ellipsizeMode="tail"
          numberOfLines={1}
          style={
            Object {
              "backgroundColor": "transparent",
              "color": "#929292",
              "fontSize": 10,
              "marginBottom": 1.5,
              "textAlign": "center",
            }
          }
        >
          Settings
        </Text>
      </View>
    </View>
  </View>
</View>
`;
